{
  service: 'attendance-system',
  message: 'Application Error HTTPS required in production',
  stack: 'Error: HTTPS required in production\n' +
    '    at origin (D:\\Zip 4\\attendance-system\\backend\\config\\security.js:36:23)\n' +
    '    at D:\\Zip 4\\attendance-system\\backend\\node_modules\\cors\\lib\\index.js:219:13\n' +
    '    at optionsCallback (D:\\Zip 4\\attendance-system\\backend\\node_modules\\cors\\lib\\index.js:199:9)\n' +
    '    at corsMiddleware (D:\\Zip 4\\attendance-system\\backend\\node_modules\\cors\\lib\\index.js:204:7)\n' +
    '    at Layer.handleRequest (D:\\Zip 4\\attendance-system\\backend\\node_modules\\router\\lib\\layer.js:152:17)\n' +
    '    at trimPrefix (D:\\Zip 4\\attendance-system\\backend\\node_modules\\router\\index.js:342:13)\n' +
    '    at D:\\Zip 4\\attendance-system\\backend\\node_modules\\router\\index.js:297:9\n' +
    '    at processParams (D:\\Zip 4\\attendance-system\\backend\\node_modules\\router\\index.js:582:12)\n' +
    '    at next (D:\\Zip 4\\attendance-system\\backend\\node_modules\\router\\index.js:291:5)\n' +
    '    at compression (D:\\Zip 4\\attendance-system\\backend\\node_modules\\compression\\index.js:243:5)',
  url: '/api/auth/login',
  method: 'POST',
  body: undefined,
  params: {},
  query: [Object: null prototype] {},
  ip: '127.0.0.1',
  userAgent: 'Mozilla/5.0 (Linux; Android 6.0; Nexus 5 Build/MRA58N) AppleWebKit/537.36 (KHTML, like Gecko) Chrome/145.0.0.0 Mobile Safari/537.36 Edg/145.0.0.0',
  level: 'error',
  timestamp: '2026-02-19 19:42:33'
}
{
  service: 'attendance-system',
  message: 'Application Error HTTPS required in production',
  stack: 'Error: HTTPS required in production\n' +
    '    at origin (D:\\Zip 4\\attendance-system\\backend\\config\\security.js:36:23)\n' +
    '    at D:\\Zip 4\\attendance-system\\backend\\node_modules\\cors\\lib\\index.js:219:13\n' +
    '    at optionsCallback (D:\\Zip 4\\attendance-system\\backend\\node_modules\\cors\\lib\\index.js:199:9)\n' +
    '    at corsMiddleware (D:\\Zip 4\\attendance-system\\backend\\node_modules\\cors\\lib\\index.js:204:7)\n' +
    '    at Layer.handleRequest (D:\\Zip 4\\attendance-system\\backend\\node_modules\\router\\lib\\layer.js:152:17)\n' +
    '    at trimPrefix (D:\\Zip 4\\attendance-system\\backend\\node_modules\\router\\index.js:342:13)\n' +
    '    at D:\\Zip 4\\attendance-system\\backend\\node_modules\\router\\index.js:297:9\n' +
    '    at processParams (D:\\Zip 4\\attendance-system\\backend\\node_modules\\router\\index.js:582:12)\n' +
    '    at next (D:\\Zip 4\\attendance-system\\backend\\node_modules\\router\\index.js:291:5)\n' +
    '    at compression (D:\\Zip 4\\attendance-system\\backend\\node_modules\\compression\\index.js:243:5)',
  url: '/api/auth/login',
  method: 'POST',
  body: undefined,
  params: {},
  query: [Object: null prototype] {},
  ip: '127.0.0.1',
  userAgent: 'Mozilla/5.0 (Linux; Android 6.0; Nexus 5 Build/MRA58N) AppleWebKit/537.36 (KHTML, like Gecko) Chrome/145.0.0.0 Mobile Safari/537.36 Edg/145.0.0.0',
  level: 'error',
  timestamp: '2026-02-19 19:42:54'
}
{
  service: 'attendance-system',
  message: 'Application Error HTTPS required in production',
  stack: 'Error: HTTPS required in production\n' +
    '    at origin (D:\\Zip 4\\attendance-system\\backend\\config\\security.js:36:23)\n' +
    '    at D:\\Zip 4\\attendance-system\\backend\\node_modules\\cors\\lib\\index.js:219:13\n' +
    '    at optionsCallback (D:\\Zip 4\\attendance-system\\backend\\node_modules\\cors\\lib\\index.js:199:9)\n' +
    '    at corsMiddleware (D:\\Zip 4\\attendance-system\\backend\\node_modules\\cors\\lib\\index.js:204:7)\n' +
    '    at Layer.handleRequest (D:\\Zip 4\\attendance-system\\backend\\node_modules\\router\\lib\\layer.js:152:17)\n' +
    '    at trimPrefix (D:\\Zip 4\\attendance-system\\backend\\node_modules\\router\\index.js:342:13)\n' +
    '    at D:\\Zip 4\\attendance-system\\backend\\node_modules\\router\\index.js:297:9\n' +
    '    at processParams (D:\\Zip 4\\attendance-system\\backend\\node_modules\\router\\index.js:582:12)\n' +
    '    at next (D:\\Zip 4\\attendance-system\\backend\\node_modules\\router\\index.js:291:5)\n' +
    '    at compression (D:\\Zip 4\\attendance-system\\backend\\node_modules\\compression\\index.js:243:5)',
  url: '/api/auth/login',
  method: 'POST',
  body: undefined,
  params: {},
  query: [Object: null prototype] {},
  ip: '127.0.0.1',
  userAgent: 'Mozilla/5.0 (Linux; Android 6.0; Nexus 5 Build/MRA58N) AppleWebKit/537.36 (KHTML, like Gecko) Chrome/145.0.0.0 Mobile Safari/537.36 Edg/145.0.0.0',
  level: 'error',
  timestamp: '2026-02-19 19:43:23'
}
{
  service: 'attendance-system',
  message: 'Application Error HTTPS required in production',
  stack: 'Error: HTTPS required in production\n' +
    '    at origin (D:\\Zip 4\\attendance-system\\backend\\config\\security.js:36:23)\n' +
    '    at D:\\Zip 4\\attendance-system\\backend\\node_modules\\cors\\lib\\index.js:219:13\n' +
    '    at optionsCallback (D:\\Zip 4\\attendance-system\\backend\\node_modules\\cors\\lib\\index.js:199:9)\n' +
    '    at corsMiddleware (D:\\Zip 4\\attendance-system\\backend\\node_modules\\cors\\lib\\index.js:204:7)\n' +
    '    at Layer.handleRequest (D:\\Zip 4\\attendance-system\\backend\\node_modules\\router\\lib\\layer.js:152:17)\n' +
    '    at trimPrefix (D:\\Zip 4\\attendance-system\\backend\\node_modules\\router\\index.js:342:13)\n' +
    '    at D:\\Zip 4\\attendance-system\\backend\\node_modules\\router\\index.js:297:9\n' +
    '    at processParams (D:\\Zip 4\\attendance-system\\backend\\node_modules\\router\\index.js:582:12)\n' +
    '    at next (D:\\Zip 4\\attendance-system\\backend\\node_modules\\router\\index.js:291:5)\n' +
    '    at compression (D:\\Zip 4\\attendance-system\\backend\\node_modules\\compression\\index.js:243:5)',
  url: '/api/auth/login',
  method: 'POST',
  body: undefined,
  params: {},
  query: [Object: null prototype] {},
  ip: '127.0.0.1',
  userAgent: 'Mozilla/5.0 (Linux; Android 6.0; Nexus 5 Build/MRA58N) AppleWebKit/537.36 (KHTML, like Gecko) Chrome/145.0.0.0 Mobile Safari/537.36 Edg/145.0.0.0',
  level: 'error',
  timestamp: '2026-02-19 19:44:04'
}
{
  service: 'attendance-system',
  message: 'Application Error HTTPS required in production',
  stack: 'Error: HTTPS required in production\n' +
    '    at origin (D:\\Zip 4\\attendance-system\\backend\\config\\security.js:36:23)\n' +
    '    at D:\\Zip 4\\attendance-system\\backend\\node_modules\\cors\\lib\\index.js:219:13\n' +
    '    at optionsCallback (D:\\Zip 4\\attendance-system\\backend\\node_modules\\cors\\lib\\index.js:199:9)\n' +
    '    at corsMiddleware (D:\\Zip 4\\attendance-system\\backend\\node_modules\\cors\\lib\\index.js:204:7)\n' +
    '    at Layer.handleRequest (D:\\Zip 4\\attendance-system\\backend\\node_modules\\router\\lib\\layer.js:152:17)\n' +
    '    at trimPrefix (D:\\Zip 4\\attendance-system\\backend\\node_modules\\router\\index.js:342:13)\n' +
    '    at D:\\Zip 4\\attendance-system\\backend\\node_modules\\router\\index.js:297:9\n' +
    '    at processParams (D:\\Zip 4\\attendance-system\\backend\\node_modules\\router\\index.js:582:12)\n' +
    '    at next (D:\\Zip 4\\attendance-system\\backend\\node_modules\\router\\index.js:291:5)\n' +
    '    at compression (D:\\Zip 4\\attendance-system\\backend\\node_modules\\compression\\index.js:243:5)',
  url: '/api/auth/login',
  method: 'POST',
  body: undefined,
  params: {},
  query: [Object: null prototype] {},
  ip: '127.0.0.1',
  userAgent: 'Mozilla/5.0 (Linux; Android 6.0; Nexus 5 Build/MRA58N) AppleWebKit/537.36 (KHTML, like Gecko) Chrome/145.0.0.0 Mobile Safari/537.36 Edg/145.0.0.0',
  level: 'error',
  timestamp: '2026-02-19 19:50:42'
}
{
  service: 'attendance-system',
  message: 'Application Error HTTPS required in production',
  stack: 'Error: HTTPS required in production\n' +
    '    at origin (D:\\Zip 4\\attendance-system\\backend\\config\\security.js:36:23)\n' +
    '    at D:\\Zip 4\\attendance-system\\backend\\node_modules\\cors\\lib\\index.js:219:13\n' +
    '    at optionsCallback (D:\\Zip 4\\attendance-system\\backend\\node_modules\\cors\\lib\\index.js:199:9)\n' +
    '    at corsMiddleware (D:\\Zip 4\\attendance-system\\backend\\node_modules\\cors\\lib\\index.js:204:7)\n' +
    '    at Layer.handleRequest (D:\\Zip 4\\attendance-system\\backend\\node_modules\\router\\lib\\layer.js:152:17)\n' +
    '    at trimPrefix (D:\\Zip 4\\attendance-system\\backend\\node_modules\\router\\index.js:342:13)\n' +
    '    at D:\\Zip 4\\attendance-system\\backend\\node_modules\\router\\index.js:297:9\n' +
    '    at processParams (D:\\Zip 4\\attendance-system\\backend\\node_modules\\router\\index.js:582:12)\n' +
    '    at next (D:\\Zip 4\\attendance-system\\backend\\node_modules\\router\\index.js:291:5)\n' +
    '    at compression (D:\\Zip 4\\attendance-system\\backend\\node_modules\\compression\\index.js:243:5)',
  url: '/api/auth/login',
  method: 'POST',
  body: undefined,
  params: {},
  query: [Object: null prototype] {},
  ip: '127.0.0.1',
  userAgent: 'Mozilla/5.0 (Linux; Android 6.0; Nexus 5 Build/MRA58N) AppleWebKit/537.36 (KHTML, like Gecko) Chrome/145.0.0.0 Mobile Safari/537.36 Edg/145.0.0.0',
  level: 'error',
  timestamp: '2026-02-19 19:50:43'
}
{
  service: 'attendance-system',
  message: 'Application Error HTTPS required in production',
  stack: 'Error: HTTPS required in production\n' +
    '    at origin (D:\\Zip 4\\attendance-system\\backend\\config\\security.js:36:23)\n' +
    '    at D:\\Zip 4\\attendance-system\\backend\\node_modules\\cors\\lib\\index.js:219:13\n' +
    '    at optionsCallback (D:\\Zip 4\\attendance-system\\backend\\node_modules\\cors\\lib\\index.js:199:9)\n' +
    '    at corsMiddleware (D:\\Zip 4\\attendance-system\\backend\\node_modules\\cors\\lib\\index.js:204:7)\n' +
    '    at Layer.handleRequest (D:\\Zip 4\\attendance-system\\backend\\node_modules\\router\\lib\\layer.js:152:17)\n' +
    '    at trimPrefix (D:\\Zip 4\\attendance-system\\backend\\node_modules\\router\\index.js:342:13)\n' +
    '    at D:\\Zip 4\\attendance-system\\backend\\node_modules\\router\\index.js:297:9\n' +
    '    at processParams (D:\\Zip 4\\attendance-system\\backend\\node_modules\\router\\index.js:582:12)\n' +
    '    at next (D:\\Zip 4\\attendance-system\\backend\\node_modules\\router\\index.js:291:5)\n' +
    '    at compression (D:\\Zip 4\\attendance-system\\backend\\node_modules\\compression\\index.js:243:5)',
  url: '/api/auth/login',
  method: 'POST',
  body: undefined,
  params: {},
  query: [Object: null prototype] {},
  ip: '127.0.0.1',
  userAgent: 'Mozilla/5.0 (Linux; Android 6.0; Nexus 5 Build/MRA58N) AppleWebKit/537.36 (KHTML, like Gecko) Chrome/145.0.0.0 Mobile Safari/537.36 Edg/145.0.0.0',
  level: 'error',
  timestamp: '2026-02-19 19:50:43'
}
{
  service: 'attendance-system',
  message: 'Application Error HTTPS required in production',
  stack: 'Error: HTTPS required in production\n' +
    '    at origin (D:\\Zip 4\\attendance-system\\backend\\config\\security.js:36:23)\n' +
    '    at D:\\Zip 4\\attendance-system\\backend\\node_modules\\cors\\lib\\index.js:219:13\n' +
    '    at optionsCallback (D:\\Zip 4\\attendance-system\\backend\\node_modules\\cors\\lib\\index.js:199:9)\n' +
    '    at corsMiddleware (D:\\Zip 4\\attendance-system\\backend\\node_modules\\cors\\lib\\index.js:204:7)\n' +
    '    at Layer.handleRequest (D:\\Zip 4\\attendance-system\\backend\\node_modules\\router\\lib\\layer.js:152:17)\n' +
    '    at trimPrefix (D:\\Zip 4\\attendance-system\\backend\\node_modules\\router\\index.js:342:13)\n' +
    '    at D:\\Zip 4\\attendance-system\\backend\\node_modules\\router\\index.js:297:9\n' +
    '    at processParams (D:\\Zip 4\\attendance-system\\backend\\node_modules\\router\\index.js:582:12)\n' +
    '    at next (D:\\Zip 4\\attendance-system\\backend\\node_modules\\router\\index.js:291:5)\n' +
    '    at compression (D:\\Zip 4\\attendance-system\\backend\\node_modules\\compression\\index.js:243:5)',
  url: '/api/auth/login',
  method: 'POST',
  body: undefined,
  params: {},
  query: [Object: null prototype] {},
  ip: '127.0.0.1',
  userAgent: 'Mozilla/5.0 (Linux; Android 6.0; Nexus 5 Build/MRA58N) AppleWebKit/537.36 (KHTML, like Gecko) Chrome/145.0.0.0 Mobile Safari/537.36 Edg/145.0.0.0',
  level: 'error',
  timestamp: '2026-02-19 19:50:44'
}
{
  service: 'attendance-system',
  message: 'Application Error HTTPS required in production',
  stack: 'Error: HTTPS required in production\n' +
    '    at origin (D:\\Zip 4\\attendance-system\\backend\\config\\security.js:36:23)\n' +
    '    at D:\\Zip 4\\attendance-system\\backend\\node_modules\\cors\\lib\\index.js:219:13\n' +
    '    at optionsCallback (D:\\Zip 4\\attendance-system\\backend\\node_modules\\cors\\lib\\index.js:199:9)\n' +
    '    at corsMiddleware (D:\\Zip 4\\attendance-system\\backend\\node_modules\\cors\\lib\\index.js:204:7)\n' +
    '    at Layer.handleRequest (D:\\Zip 4\\attendance-system\\backend\\node_modules\\router\\lib\\layer.js:152:17)\n' +
    '    at trimPrefix (D:\\Zip 4\\attendance-system\\backend\\node_modules\\router\\index.js:342:13)\n' +
    '    at D:\\Zip 4\\attendance-system\\backend\\node_modules\\router\\index.js:297:9\n' +
    '    at processParams (D:\\Zip 4\\attendance-system\\backend\\node_modules\\router\\index.js:582:12)\n' +
    '    at next (D:\\Zip 4\\attendance-system\\backend\\node_modules\\router\\index.js:291:5)\n' +
    '    at compression (D:\\Zip 4\\attendance-system\\backend\\node_modules\\compression\\index.js:243:5)',
  url: '/api/auth/login',
  method: 'POST',
  body: undefined,
  params: {},
  query: [Object: null prototype] {},
  ip: '127.0.0.1',
  userAgent: 'Mozilla/5.0 (Linux; Android 6.0; Nexus 5 Build/MRA58N) AppleWebKit/537.36 (KHTML, like Gecko) Chrome/145.0.0.0 Mobile Safari/537.36 Edg/145.0.0.0',
  level: 'error',
  timestamp: '2026-02-19 19:51:05'
}
{
  service: 'attendance-system',
  message: 'Application Error HTTPS required in production',
  stack: 'Error: HTTPS required in production\n' +
    '    at origin (D:\\Zip 4\\attendance-system\\backend\\config\\security.js:36:23)\n' +
    '    at D:\\Zip 4\\attendance-system\\backend\\node_modules\\cors\\lib\\index.js:219:13\n' +
    '    at optionsCallback (D:\\Zip 4\\attendance-system\\backend\\node_modules\\cors\\lib\\index.js:199:9)\n' +
    '    at corsMiddleware (D:\\Zip 4\\attendance-system\\backend\\node_modules\\cors\\lib\\index.js:204:7)\n' +
    '    at Layer.handleRequest (D:\\Zip 4\\attendance-system\\backend\\node_modules\\router\\lib\\layer.js:152:17)\n' +
    '    at trimPrefix (D:\\Zip 4\\attendance-system\\backend\\node_modules\\router\\index.js:342:13)\n' +
    '    at D:\\Zip 4\\attendance-system\\backend\\node_modules\\router\\index.js:297:9\n' +
    '    at processParams (D:\\Zip 4\\attendance-system\\backend\\node_modules\\router\\index.js:582:12)\n' +
    '    at next (D:\\Zip 4\\attendance-system\\backend\\node_modules\\router\\index.js:291:5)\n' +
    '    at compression (D:\\Zip 4\\attendance-system\\backend\\node_modules\\compression\\index.js:243:5)',
  url: '/api/auth/login',
  method: 'POST',
  body: undefined,
  params: {},
  query: [Object: null prototype] {},
  ip: '127.0.0.1',
  userAgent: 'Mozilla/5.0 (Linux; Android 6.0; Nexus 5 Build/MRA58N) AppleWebKit/537.36 (KHTML, like Gecko) Chrome/145.0.0.0 Mobile Safari/537.36 Edg/145.0.0.0',
  level: 'error',
  timestamp: '2026-02-19 19:51:33'
}
{
  service: 'attendance-system',
  message: 'Application Error HTTPS required in production',
  stack: 'Error: HTTPS required in production\n' +
    '    at origin (D:\\Zip 4\\attendance-system\\backend\\config\\security.js:36:23)\n' +
    '    at D:\\Zip 4\\attendance-system\\backend\\node_modules\\cors\\lib\\index.js:219:13\n' +
    '    at optionsCallback (D:\\Zip 4\\attendance-system\\backend\\node_modules\\cors\\lib\\index.js:199:9)\n' +
    '    at corsMiddleware (D:\\Zip 4\\attendance-system\\backend\\node_modules\\cors\\lib\\index.js:204:7)\n' +
    '    at Layer.handleRequest (D:\\Zip 4\\attendance-system\\backend\\node_modules\\router\\lib\\layer.js:152:17)\n' +
    '    at trimPrefix (D:\\Zip 4\\attendance-system\\backend\\node_modules\\router\\index.js:342:13)\n' +
    '    at D:\\Zip 4\\attendance-system\\backend\\node_modules\\router\\index.js:297:9\n' +
    '    at processParams (D:\\Zip 4\\attendance-system\\backend\\node_modules\\router\\index.js:582:12)\n' +
    '    at next (D:\\Zip 4\\attendance-system\\backend\\node_modules\\router\\index.js:291:5)\n' +
    '    at compression (D:\\Zip 4\\attendance-system\\backend\\node_modules\\compression\\index.js:243:5)',
  url: '/api/auth/login',
  method: 'POST',
  body: undefined,
  params: {},
  query: [Object: null prototype] {},
  ip: '127.0.0.1',
  userAgent: 'Mozilla/5.0 (Linux; Android 6.0; Nexus 5 Build/MRA58N) AppleWebKit/537.36 (KHTML, like Gecko) Chrome/145.0.0.0 Mobile Safari/537.36 Edg/145.0.0.0',
  level: 'error',
  timestamp: '2026-02-19 19:51:40'
}
{
  service: 'attendance-system',
  message: 'Application Error HTTPS required in production',
  stack: 'Error: HTTPS required in production\n' +
    '    at origin (D:\\Zip 4\\attendance-system\\backend\\config\\security.js:36:23)\n' +
    '    at D:\\Zip 4\\attendance-system\\backend\\node_modules\\cors\\lib\\index.js:219:13\n' +
    '    at optionsCallback (D:\\Zip 4\\attendance-system\\backend\\node_modules\\cors\\lib\\index.js:199:9)\n' +
    '    at corsMiddleware (D:\\Zip 4\\attendance-system\\backend\\node_modules\\cors\\lib\\index.js:204:7)\n' +
    '    at Layer.handleRequest (D:\\Zip 4\\attendance-system\\backend\\node_modules\\router\\lib\\layer.js:152:17)\n' +
    '    at trimPrefix (D:\\Zip 4\\attendance-system\\backend\\node_modules\\router\\index.js:342:13)\n' +
    '    at D:\\Zip 4\\attendance-system\\backend\\node_modules\\router\\index.js:297:9\n' +
    '    at processParams (D:\\Zip 4\\attendance-system\\backend\\node_modules\\router\\index.js:582:12)\n' +
    '    at next (D:\\Zip 4\\attendance-system\\backend\\node_modules\\router\\index.js:291:5)\n' +
    '    at compression (D:\\Zip 4\\attendance-system\\backend\\node_modules\\compression\\index.js:243:5)',
  url: '/api/auth/login',
  method: 'POST',
  body: undefined,
  params: {},
  query: [Object: null prototype] {},
  ip: '127.0.0.1',
  userAgent: 'Mozilla/5.0 (Linux; Android 6.0; Nexus 5 Build/MRA58N) AppleWebKit/537.36 (KHTML, like Gecko) Chrome/145.0.0.0 Mobile Safari/537.36 Edg/145.0.0.0',
  level: 'error',
  timestamp: '2026-02-19 19:52:27'
}
{
  service: 'attendance-system',
  message: 'Application Error HTTPS required in production',
  stack: 'Error: HTTPS required in production\n' +
    '    at origin (D:\\Zip 4\\attendance-system\\backend\\config\\security.js:36:23)\n' +
    '    at D:\\Zip 4\\attendance-system\\backend\\node_modules\\cors\\lib\\index.js:219:13\n' +
    '    at optionsCallback (D:\\Zip 4\\attendance-system\\backend\\node_modules\\cors\\lib\\index.js:199:9)\n' +
    '    at corsMiddleware (D:\\Zip 4\\attendance-system\\backend\\node_modules\\cors\\lib\\index.js:204:7)\n' +
    '    at Layer.handleRequest (D:\\Zip 4\\attendance-system\\backend\\node_modules\\router\\lib\\layer.js:152:17)\n' +
    '    at trimPrefix (D:\\Zip 4\\attendance-system\\backend\\node_modules\\router\\index.js:342:13)\n' +
    '    at D:\\Zip 4\\attendance-system\\backend\\node_modules\\router\\index.js:297:9\n' +
    '    at processParams (D:\\Zip 4\\attendance-system\\backend\\node_modules\\router\\index.js:582:12)\n' +
    '    at next (D:\\Zip 4\\attendance-system\\backend\\node_modules\\router\\index.js:291:5)\n' +
    '    at compression (D:\\Zip 4\\attendance-system\\backend\\node_modules\\compression\\index.js:243:5)',
  url: '/api/auth/login',
  method: 'POST',
  body: undefined,
  params: {},
  query: [Object: null prototype] {},
  ip: '127.0.0.1',
  userAgent: 'Mozilla/5.0 (Linux; Android 6.0; Nexus 5 Build/MRA58N) AppleWebKit/537.36 (KHTML, like Gecko) Chrome/145.0.0.0 Mobile Safari/537.36 Edg/145.0.0.0',
  level: 'error',
  timestamp: '2026-02-19 19:52:28'
}
{
  service: 'attendance-system',
  message: 'Application Error HTTPS required in production',
  stack: 'Error: HTTPS required in production\n' +
    '    at origin (D:\\Zip 4\\attendance-system\\backend\\config\\security.js:36:23)\n' +
    '    at D:\\Zip 4\\attendance-system\\backend\\node_modules\\cors\\lib\\index.js:219:13\n' +
    '    at optionsCallback (D:\\Zip 4\\attendance-system\\backend\\node_modules\\cors\\lib\\index.js:199:9)\n' +
    '    at corsMiddleware (D:\\Zip 4\\attendance-system\\backend\\node_modules\\cors\\lib\\index.js:204:7)\n' +
    '    at Layer.handleRequest (D:\\Zip 4\\attendance-system\\backend\\node_modules\\router\\lib\\layer.js:152:17)\n' +
    '    at trimPrefix (D:\\Zip 4\\attendance-system\\backend\\node_modules\\router\\index.js:342:13)\n' +
    '    at D:\\Zip 4\\attendance-system\\backend\\node_modules\\router\\index.js:297:9\n' +
    '    at processParams (D:\\Zip 4\\attendance-system\\backend\\node_modules\\router\\index.js:582:12)\n' +
    '    at next (D:\\Zip 4\\attendance-system\\backend\\node_modules\\router\\index.js:291:5)\n' +
    '    at compression (D:\\Zip 4\\attendance-system\\backend\\node_modules\\compression\\index.js:243:5)',
  url: '/api/auth/login',
  method: 'POST',
  body: undefined,
  params: {},
  query: [Object: null prototype] {},
  ip: '127.0.0.1',
  userAgent: 'Mozilla/5.0 (Linux; Android 6.0; Nexus 5 Build/MRA58N) AppleWebKit/537.36 (KHTML, like Gecko) Chrome/145.0.0.0 Mobile Safari/537.36 Edg/145.0.0.0',
  level: 'error',
  timestamp: '2026-02-19 19:52:28'
}
{
  service: 'attendance-system',
  message: 'Application Error HTTPS required in production',
  stack: 'Error: HTTPS required in production\n' +
    '    at origin (D:\\Zip 4\\attendance-system\\backend\\config\\security.js:36:23)\n' +
    '    at D:\\Zip 4\\attendance-system\\backend\\node_modules\\cors\\lib\\index.js:219:13\n' +
    '    at optionsCallback (D:\\Zip 4\\attendance-system\\backend\\node_modules\\cors\\lib\\index.js:199:9)\n' +
    '    at corsMiddleware (D:\\Zip 4\\attendance-system\\backend\\node_modules\\cors\\lib\\index.js:204:7)\n' +
    '    at Layer.handleRequest (D:\\Zip 4\\attendance-system\\backend\\node_modules\\router\\lib\\layer.js:152:17)\n' +
    '    at trimPrefix (D:\\Zip 4\\attendance-system\\backend\\node_modules\\router\\index.js:342:13)\n' +
    '    at D:\\Zip 4\\attendance-system\\backend\\node_modules\\router\\index.js:297:9\n' +
    '    at processParams (D:\\Zip 4\\attendance-system\\backend\\node_modules\\router\\index.js:582:12)\n' +
    '    at next (D:\\Zip 4\\attendance-system\\backend\\node_modules\\router\\index.js:291:5)\n' +
    '    at compression (D:\\Zip 4\\attendance-system\\backend\\node_modules\\compression\\index.js:243:5)',
  url: '/api/auth/login',
  method: 'POST',
  body: undefined,
  params: {},
  query: [Object: null prototype] {},
  ip: '127.0.0.1',
  userAgent: 'Mozilla/5.0 (Linux; Android 6.0; Nexus 5 Build/MRA58N) AppleWebKit/537.36 (KHTML, like Gecko) Chrome/145.0.0.0 Mobile Safari/537.36 Edg/145.0.0.0',
  level: 'error',
  timestamp: '2026-02-19 19:52:28'
}
{
  service: 'attendance-system',
  message: 'Application Error User validation failed: role: `Full Stack Developer` is not a valid enum value for path `role`.',
  stack: 'ValidationError: User validation failed: role: `Full Stack Developer` is not a valid enum value for path `role`.\n' +
    '    at Document.invalidate (D:\\Zip 4\\attendance-system\\backend\\node_modules\\mongoose\\lib\\document.js:3358:32)\n' +
    '    at D:\\Zip 4\\attendance-system\\backend\\node_modules\\mongoose\\lib\\document.js:3119:17\n' +
    '    at D:\\Zip 4\\attendance-system\\backend\\node_modules\\mongoose\\lib\\schemaType.js:1416:9\n' +
    '    at process.processTicksAndRejections (node:internal/process/task_queues:85:11)',
  operation: 'update_user_permissions',
  userId: '693d3a77da051f96635ac9dc',
  body: {
    featurePermissions: {
      leaves: false,
      breaks: false,
      extraFeatures: false,
      maxBreaks: 999,
      breakAfterHours: 0,
      breakWindows: [
        {
          type: 'Paid',
          name: 'Lunch Break',
          startTime: '13:00',
          endTime: '14:40',
          isActive: true,
          _id: '69aac73811e4f800208e9c32'
        }
      ],
      canCheckIn: true,
      canCheckOut: true,
      canTakeBreak: true,
      canViewAnalytics: false,
      privilegeLevel: 'normal',
      restrictedFeatures: {
        canViewReports: false,
        canViewOtherLogs: false,
        canEditProfile: true,
        canRequestExtraBreak: true,
        _id: '693d3a77da051f96635ac9da'
      },
      advancedFeatures: {
        canBulkActions: false,
        canExportData: false,
        _id: '693d3a77da051f96635ac9db'
      },
      autoBreakOnInactivity: false,
      inactivityThresholdMinutes: 5,
      lateArrivalMarksHalfDay: false
    }
  },
  level: 'error',
  timestamp: '2026-05-18 15:10:17'
}
{
  service: 'attendance-system',
  error: 'DELIBERATE TEST FAILURE: simulating mid-transaction crash after first $inc',
  employeeId: new ObjectId('6a64b048322749d076772c05'),
  level: 'error',
  message: '[LeaveAccrual] Confirmation allotment failed',
  timestamp: '2026-07-25 18:17:04'
}
{
  service: 'attendance-system',
  message: 'Application Error Validation failed',
  stack: 'Error: Validation failed\n' +
    '    at handleValidationErrors (D:\\Zip 4\\attendance-system\\backend\\middleware\\validation.js:15:14)\n' +
    '    at Layer.handleRequest (D:\\Zip 4\\attendance-system\\backend\\node_modules\\router\\lib\\layer.js:152:17)\n' +
    '    at next (D:\\Zip 4\\attendance-system\\backend\\node_modules\\router\\lib\\route.js:157:13)\n' +
    '    at middleware (D:\\Zip 4\\attendance-system\\backend\\node_modules\\express-validator\\lib\\middlewares\\check.js:16:13)\n' +
    '    at process.processTicksAndRejections (node:internal/process/task_queues:104:5)',
  errors: [
    {
      field: 'email',
      message: 'Please provide a valid email address',
      value: 'not-an-email'
    },
    {
      field: 'password',
      message: 'Password must be at least 6 characters long',
      value: '123'
    }
  ],
  body: { email: '@not-an-email', password: '123' },
  params: [Object: null prototype] {},
  query: [Object: null prototype] {},
  level: 'error',
  timestamp: '2026-08-05 15:18:38'
}
{
  service: 'attendance-system',
  errors: {
    'messages.0.senderName': ValidatorError: Path `senderName` is required.
        at validate (D:\Zip 4\attendance-system\backend\node_modules\mongoose\lib\schemaType.js:1413:13)
        at SchemaType.doValidate (D:\Zip 4\attendance-system\backend\node_modules\mongoose\lib\schemaType.js:1397:7)
        at D:\Zip 4\attendance-system\backend\node_modules\mongoose\lib\document.js:3111:18
        at process.processTicksAndRejections (node:internal/process/task_queues:85:11) {
      properties: {
        validator: [Function (anonymous)],
        message: 'Path `senderName` is required.',
        type: 'required',
        path: 'senderName',
        fullPath: undefined,
        value: undefined
      },
      kind: 'required',
      path: 'senderName',
      value: undefined,
      reason: undefined,
      Symbol(mongoose#validatorError): true
    }
  },
  _message: 'HRQuery validation failed',
  level: 'error',
  message: 'Failed to create HR query: HRQuery validation failed: messages.0.senderName: Path `senderName` is required.',
  stack: 'ValidationError: HRQuery validation failed: messages.0.senderName: Path `senderName` is required.\n' +
    '    at Document.invalidate (D:\\Zip 4\\attendance-system\\backend\\node_modules\\mongoose\\lib\\document.js:3358:32)\n' +
    '    at Subdocument.invalidate (D:\\Zip 4\\attendance-system\\backend\\node_modules\\mongoose\\lib\\types\\subdocument.js:229:12)\n' +
    '    at D:\\Zip 4\\attendance-system\\backend\\node_modules\\mongoose\\lib\\document.js:3119:17\n' +
    '    at D:\\Zip 4\\attendance-system\\backend\\node_modules\\mongoose\\lib\\schemaType.js:1416:9\n' +
    '    at process.processTicksAndRejections (node:internal/process/task_queues:85:11)',
  timestamp: '2026-08-13 14:17:02'
}
{
  service: 'attendance-system',
  message: 'Application Error Validation failed',
  stack: 'Error: Validation failed\n' +
    '    at handleValidationErrors (/app/middleware/validation.js:15:14)\n' +
    '    at Layer.handleRequest (/app/node_modules/router/lib/layer.js:152:17)\n' +
    '    at next (/app/node_modules/router/lib/route.js:157:13)\n' +
    '    at middleware (/app/node_modules/express-validator/lib/middlewares/check.js:16:13)\n' +
    '    at process.processTicksAndRejections (node:internal/process/task_queues:95:5)',
  errors: [
    {
      field: 'email',
      message: 'Email or Employee Code is required',
      value: ''
    },
    {
      field: 'password',
      message: 'Password must be at least 6 characters long',
      value: undefined
    }
  ],
  body: { email: '' },
  params: [Object: null prototype] {},
  query: [Object: null prototype] {},
  level: 'error',
  timestamp: '2026-09-10 17:46:30'
}
